--------- beginning of main
02-16 13:49:28.239 23817 23889 I BugleRcsEngine: Connected state: [1], networkType: [WIFI] [CONTEXT thread_id=66 ]
02-16 13:49:28.239 23817 23975 I BugleRcsEngine: handleMessage processing message:[NOTIFY_UPTIME_IGNORE_STATE_CHANGED] with [non-null]:RcsEngineImpl reference [CONTEXT log_prefix="RcsEngineImpl[DUAL_REG]:[9e297823-ec82]>Handler" thread_id=73 ]
02-16 13:49:28.255 14801 15027 I NullBinder: NullBinder for android.net.action.RECOMMEND_NETWORKS triggering remote TransactionTooLargeException due to Service without Chimera impl, calling uid: 1000, calling pid: 0
02-16 13:49:28.255 14801 15027 W .gms.persistent: Large reply transaction of 1056768 bytes, interface descriptor , code 1
02-16 13:49:28.261 23817 23975 I BugleRcsEngine: No RCS Configuration was found in Bugle for simID: redacted-pii:sim_id[chars:20,last3:897] [CONTEXT log_prefix="ProvisioningEngineDataRetriever" thread_id=73 ]
02-16 13:49:29.701  1399  2028 I BistoHotwordHelper: (REDACTED) getHotwordActive::active query: %s, watch: %s, devices connected: %s
02-16 13:49:30.974   845   845 I wpa_supplicant: wlan0: CTRL-EVENT-BEACON-LOSS 
--------- beginning of system
02-16 13:49:32.319   578   995 W ActivityTaskManager: callingPackage for (uid=2000, pid=25013) has no WPC
02-16 13:49:32.321   578   995 W OptProp : Cannot read opt property android.window.PROPERTY_COMPAT_ALLOW_USER_ASPECT_RATIO_OVERRIDE
02-16 13:49:32.322   578   995 W OptProp : Cannot read opt property android.window.PROPERTY_COMPAT_ALLOW_USER_ASPECT_RATIO_FULLSCREEN_OVERRIDE
02-16 13:49:32.322   578   995 W OptProp : Cannot read opt property android.window.PROPERTY_COMPAT_ALLOW_ORIENTATION_OVERRIDE
02-16 13:49:32.323   578   995 V GrammaticalInflectionUtils: AttributionSource: android.content.AttributionSource@cf1be392 does not have READ_SYSTEM_GRAMMATICAL_GENDER permission.
02-16 13:49:32.323   578   995 W OptProp : Cannot read opt property android.window.PROPERTY_COMPAT_ALLOW_RESIZEABLE_ACTIVITY_OVERRIDES
02-16 13:49:32.324   578   995 W OptProp : Cannot read opt property android.window.PROPERTY_COMPAT_ALLOW_MIN_ASPECT_RATIO_OVERRIDE
02-16 13:49:32.331 10412 10484 V WindowManagerShell: Transition requested (#128): android.os.BinderProxy@3c21ea8 TransitionRequestInfo { type = OPEN, triggerTask = TaskInfo{userId=0 taskId=41 displayId=0 isRunning=true baseIntent=Intent { act=android.intent.action.MAIN cat=[android.intent.category.LAUNCHER] flg=0x10000000 cmp=com.mangrove/.MainActivity } baseActivity=ComponentInfo{com.mangrove/com.mangrove.MainActivity} topActivity=ComponentInfo{com.mangrove/com.mangrove.MainActivity} origActivity=null realActivity=ComponentInfo{com.mangrove/com.mangrove.MainActivity} numActivities=1 lastActiveTime=20815480 supportsMultiWindow=true resizeMode=1 isResizeable=true minWidth=-1 minHeight=-1 defaultMinSize=220 token=WCT{android.window.IWindowContainerToken$Stub$Proxy@cee6dc1} topActivityType=1 pictureInPictureParams=null shouldDockBigOverlays=false launchIntoPipHostTaskId=-1 lastParentTaskIdBeforePip=-1 displayCutoutSafeInsets=null topActivityInfo=ActivityInfo{b3bb966 com.mangrove.MainActivity} launchCookies=[] positionInParent=Point(0, 0) parentTaskId=-1 isFocused=true isVisible=true isVisibleRequested=true isSleeping=false locusId=null displayAreaFeatureId=1 isTopActivityTransparent=false appCompatTaskInfo=AppCompatTaskInfo { topActivityInSizeCompat=false topActivityEligibleForLetterboxEducation= falseisLetterboxEducationEnabled= true isLetterboxDoubleTapEnabled= false topActivityEligibleForUserAspectRatioButton= false topActivityBoundsLetterboxed= false isFromLetterboxDoubleTap= false topActivityLetterboxVerticalPosition= -1 topActivityLetterboxHorizontalPosition= -1 topActivityLetterboxWidth=1080 topActivityLetterboxHeight=2400 isUserFullscreenOverrideEnabled=false isSystemFullscreenOverrideEnabled=false cameraCompatTaskInfo=CameraCompatTaskInfo { cameraCompatControlState=hidden freeformCameraCompatMode=inactive}}}, pipTask = null, remoteTransition = null, displayChange = null, flags = 0, debugId = 128 }
02-16 13:49:32.331   578   995 I ActivityTaskManager: START u0 {flg=0x10000000 cmp=com.mangrove/.MainActivity} with LAUNCH_SINGLE_TASK from uid 2000 (BAL_ALLOW_PERMISSION) result code=3
02-16 13:49:32.341 10412 10484 D WindowManagerShell: onActivityRestartAttempt: ComponentInfo{com.mangrove/com.mangrove.MainActivity}
02-16 13:49:32.339 10412 10962 V WindowManagerShell: onTransitionReady(transaction=2482491101918)
02-16 13:49:32.355 10412 10484 V WindowManagerShell: onTransitionReady (#128) android.os.BinderProxy@3c21ea8: {id=128 t=OPEN f=0x0 trk=0 r=[] c=[]}
02-16 13:49:32.357 10412 10484 V WindowManagerShell: No transition roots in (#128) android.os.BinderProxy@3c21ea8@0 so abort
02-16 13:49:32.364   578   614 V WindowManager: Sent Transition (#128) createdAt=02-16 13:49:32.325 via request=TransitionRequestInfo { type = OPEN, triggerTask = TaskInfo{userId=0 taskId=41 displayId=0 isRunning=true baseIntent=Intent { act=android.intent.action.MAIN cat=[android.intent.category.LAUNCHER] flg=0x10000000 cmp=com.mangrove/.MainActivity } baseActivity=ComponentInfo{com.mangrove/com.mangrove.MainActivity} topActivity=ComponentInfo{com.mangrove/com.mangrove.MainActivity} origActivity=null realActivity=ComponentInfo{com.mangrove/com.mangrove.MainActivity} numActivities=1 lastActiveTime=20815480 supportsMultiWindow=true resizeMode=1 isResizeable=true minWidth=-1 minHeight=-1 defaultMinSize=220 token=WCT{RemoteToken{796ec63 Task{a91be2c #41 type=standard A=10209:com.mangrove}}} topActivityType=1 pictureInPictureParams=null shouldDockBigOverlays=false launchIntoPipHostTaskId=-1 lastParentTaskIdBeforePip=-1 displayCutoutSafeInsets=null topActivityInfo=ActivityInfo{edb0060 com.mangrove.MainActivity} launchCookies=[] positionInParent=Point(0, 0) parentTaskId=-1 isFocused=true isVisible=true isVisibleRequested=true isSleeping=false locusId=null displayAreaFeatureId=1 isTopActivityTransparent=false appCompatTaskInfo=AppCompatTaskInfo { topActivityInSizeCompat=false topActivityEligibleForLetterboxEducation= falseisLetterboxEducationEnabled= true isLetterboxDoubleTapEnabled= false topActivityEligibleForUserAspectRatioButton= false topActivityBoundsLetterboxed= false isFromLetterboxDoubleTap= false topActivityLetterboxVerticalPosition= -1 topActivityLetterboxHorizontalPosition= -1 topActivityLetterboxWidth=1080 topActivityLetterboxHeight=2400 isUserFullscreenOverrideEnabled=false isSystemFullscreenOverrideEnabled=false cameraCompatTaskInfo=CameraCompatTaskInfo { cameraCompatControlState=hidden freeformCameraCompatMode=inactive}}}, pipTask = null, remoteTransition = null, displayChange = null, flags = 0, debugId = 128 }
02-16 13:49:32.364   578   614 V WindowManager:     startWCT=WindowContainerTransaction { changes = {} hops = [] errorCallbackToken=null taskFragmentOrganizer=null }
02-16 13:49:32.364   578   614 V WindowManager:     info={id=128 t=OPEN f=0x0 trk=0 r=[] c=[]}
02-16 13:49:32.365 10412 10484 V WindowManagerShell: Transition animation finished (aborted=true), notifying core (#128) android.os.BinderProxy@3c21ea8@0
02-16 13:49:32.367   420   420 I BpBinder: onLastStrongRef automatically unlinking death recipients: 
02-16 13:49:32.378   578   614 V WindowManager: Finish Transition (#128): created at 02-16 13:49:32.325 collect-started=0.06ms request-sent=3.417ms started=12.958ms ready=12.932ms sent=19.101ms finished=53.112ms
02-16 13:49:32.387 10412 10484 V WindowManagerShell: Track 0 became idle
02-16 13:49:32.387 10412 10484 V WindowManagerShell: All active transition animations finished
02-16 13:49:32.419   578   784 W UserManagerService: Requested status bar icon for non-badged user 0
02-16 13:49:32.451 24507 25017 D TrafficStats: tagSocket(132) with statsTag=0xffffffff, statsUid=-1
02-16 13:49:32.487 24507 24527 D EGL_emulation: app_time_stats: avg=13164.53ms min=0.00ms max=342048.94ms count=26
02-16 13:49:33.611 24507 24527 D EGL_emulation: app_time_stats: avg=22.52ms min=0.00ms max=18446744027136.00ms count=30
02-16 13:49:34.279 23817 23889 I BugleRcsEngine: Connected state: [1], networkType: [WIFI] [CONTEXT thread_id=66 ]
02-16 13:49:34.285 24507 24507 W Choreographer: Frame time is 2.842584 ms in the future!  Check that graphics HAL is generating vsync timestamps using the correct timebase.
02-16 13:49:34.291 23817 23975 I BugleRcsEngine: handleMessage processing message:[NOTIFY_UPTIME_IGNORE_STATE_CHANGED] with [non-null]:RcsEngineImpl reference [CONTEXT log_prefix="RcsEngineImpl[DUAL_REG]:[9e297823-ec82]>Handler" thread_id=73 ]
02-16 13:49:34.295 14801 14828 I NullBinder: NullBinder for android.net.action.RECOMMEND_NETWORKS triggering remote TransactionTooLargeException due to Service without Chimera impl, calling uid: 1000, calling pid: 0
02-16 13:49:34.295 14801 14828 W .gms.persistent: Large reply transaction of 1056768 bytes, interface descriptor , code 1
02-16 13:49:34.325 23817 23975 I BugleRcsEngine: No RCS Configuration was found in Bugle for simID: redacted-pii:sim_id[chars:20,last3:897] [CONTEXT log_prefix="ProvisioningEngineDataRetriever" thread_id=73 ]
02-16 13:49:34.616 24507 24527 D EGL_emulation: app_time_stats: avg=9.61ms min=2.41ms max=18446744027136.00ms count=32
02-16 13:49:35.294 24507 24507 W Choreographer: Frame time is 10.155757 ms in the future!  Check that graphics HAL is generating vsync timestamps using the correct timebase.
02-16 13:49:35.416 24507 24507 W Choreographer: Frame time is 4.608303 ms in the future!  Check that graphics HAL is generating vsync timestamps using the correct timebase.
02-16 13:49:35.639 24507 24527 D EGL_emulation: app_time_stats: avg=10.83ms min=0.00ms max=70.48ms count=27
02-16 13:49:36.035  2180  2186 I artd    : Dex parent of /data/app/~~NWoxo4F-Ov2j6h_dXW415w==/com.google.android.gms-sYtLuEFHVXfUwNDvG9lbKA==/base.apk is not writable: Permission denied
02-16 13:49:36.035  2180  2186 I artd    : GetBestInfo checking odex in dalvik-cache (/data/dalvik-cache/x86_64/data@app@~~NWoxo4F-Ov2j6h_dXW415w==@com.google.android.gms-sYtLuEFHVXfUwNDvG9lbKA==@base.apk@classes.dex)
02-16 13:49:36.035  2180  2186 I artd    : Loading /data/dalvik-cache/x86_64/data@app@~~NWoxo4F-Ov2j6h_dXW415w==@com.google.android.gms-sYtLuEFHVXfUwNDvG9lbKA==@base.apk@classes.dex with executable: 0
02-16 13:49:36.035  2180  2186 I artd    : OatFileAssistant test for existing oat file /data/dalvik-cache/x86_64/data@app@~~NWoxo4F-Ov2j6h_dXW415w==@com.google.android.gms-sYtLuEFHVXfUwNDvG9lbKA==@base.apk@classes.dex: File /data/dalvik-cache/x86_64/data@app@~~NWoxo4F-Ov2j6h_dXW415w==@com.google.android.gms-sYtLuEFHVXfUwNDvG9lbKA==@base.apk@classes.vdex does not exist.
02-16 13:49:36.035  2180  2186 I artd    : GetBestInfo checking odex next to the dex file (/data/app/~~NWoxo4F-Ov2j6h_dXW415w==/com.google.android.gms-sYtLuEFHVXfUwNDvG9lbKA==/oat/x86_64/base.odex)
02-16 13:49:36.035  2180  2186 I artd    : Loading /data/app/~~NWoxo4F-Ov2j6h_dXW415w==/com.google.android.gms-sYtLuEFHVXfUwNDvG9lbKA==/oat/x86_64/base.odex with executable: 0
02-16 13:49:36.047  2180  2186 I artd    : Successfully loaded /data/app/~~NWoxo4F-Ov2j6h_dXW415w==/com.google.android.gms-sYtLuEFHVXfUwNDvG9lbKA==/oat/x86_64/base.odex with executable: 0
02-16 13:49:36.047  2180  2186 I artd    : /data/app/~~NWoxo4F-Ov2j6h_dXW415w==/com.google.android.gms-sYtLuEFHVXfUwNDvG9lbKA==/oat/x86_64/base.odex is kOatUpToDate with filter speed-profile
02-16 13:49:36.057  2180  2186 I artd    : Dex parent of /data/app/~~NWoxo4F-Ov2j6h_dXW415w==/com.google.android.gms-sYtLuEFHVXfUwNDvG9lbKA==/split_AdsDynamite_installtime.apk is not writable: Permission denied
02-16 13:49:36.058  2180  2186 I artd    : GetBestInfo checking odex in dalvik-cache (/data/dalvik-cache/x86_64/data@app@~~NWoxo4F-Ov2j6h_dXW415w==@com.google.android.gms-sYtLuEFHVXfUwNDvG9lbKA==@split_AdsDynamite_installtime.apk@classes.dex)
02-16 13:49:36.058  2180  2186 I artd    : Loading /data/dalvik-cache/x86_64/data@app@~~NWoxo4F-Ov2j6h_dXW415w==@com.google.android.gms-sYtLuEFHVXfUwNDvG9lbKA==@split_AdsDynamite_installtime.apk@classes.dex with executable: 0
02-16 13:49:36.058  2180  2186 I artd    : OatFileAssistant test for existing oat file /data/dalvik-cache/x86_64/data@app@~~NWoxo4F-Ov2j6h_dXW415w==@com.google.android.gms-sYtLuEFHVXfUwNDvG9lbKA==@split_AdsDynamite_installtime.apk@classes.dex: File /data/dalvik-cache/x86_64/data@app@~~NWoxo4F-Ov2j6h_dXW415w==@com.google.android.gms-sYtLuEFHVXfUwNDvG9lbKA==@split_AdsDynamite_installtime.apk@classes.vdex does not exist.
02-16 13:49:36.058  2180  2186 I artd    : GetBestInfo checking odex next to the dex file (/data/app/~~NWoxo4F-Ov2j6h_dXW415w==/com.google.android.gms-sYtLuEFHVXfUwNDvG9lbKA==/oat/x86_64/split_AdsDynamite_installtime.odex)
02-16 13:49:36.058  2180  2186 I artd    : Loading /data/app/~~NWoxo4F-Ov2j6h_dXW415w==/com.google.android.gms-sYtLuEFHVXfUwNDvG9lbKA==/oat/x86_64/split_AdsDynamite_installtime.odex with executable: 0
02-16 13:49:36.066  2180  2186 I artd    : Successfully loaded /data/app/~~NWoxo4F-Ov2j6h_dXW415w==/com.google.android.gms-sYtLuEFHVXfUwNDvG9lbKA==/oat/x86_64/split_AdsDynamite_installtime.odex with executable: 0
02-16 13:49:36.067  2180  2186 I artd    : /data/app/~~NWoxo4F-Ov2j6h_dXW415w==/com.google.android.gms-sYtLuEFHVXfUwNDvG9lbKA==/oat/x86_64/split_AdsDynamite_installtime.odex is kOatUpToDate with filter speed
02-16 13:49:36.084  2180  2186 I artd    : Dex parent of /data/app/~~NWoxo4F-Ov2j6h_dXW415w==/com.google.android.gms-sYtLuEFHVXfUwNDvG9lbKA==/split_CronetDynamite_installtime.apk is not writable: Permission denied
02-16 13:49:36.084  2180  2186 I artd    : GetBestInfo checking odex in dalvik-cache (/data/dalvik-cache/x86_64/data@app@~~NWoxo4F-Ov2j6h_dXW415w==@com.google.android.gms-sYtLuEFHVXfUwNDvG9lbKA==@split_CronetDynamite_installtime.apk@classes.dex)
02-16 13:49:36.084  2180  2186 I artd    : Loading /data/dalvik-cache/x86_64/data@app@~~NWoxo4F-Ov2j6h_dXW415w==@com.google.android.gms-sYtLuEFHVXfUwNDvG9lbKA==@split_CronetDynamite_installtime.apk@classes.dex with executable: 0
02-16 13:49:36.084  2180  2186 I artd    : OatFileAssistant test for existing oat file /data/dalvik-cache/x86_64/data@app@~~NWoxo4F-Ov2j6h_dXW415w==@com.google.android.gms-sYtLuEFHVXfUwNDvG9lbKA==@split_CronetDynamite_installtime.apk@classes.dex: File /data/dalvik-cache/x86_64/data@app@~~NWoxo4F-Ov2j6h_dXW415w==@com.google.android.gms-sYtLuEFHVXfUwNDvG9lbKA==@split_CronetDynamite_installtime.apk@classes.vdex does not exist.
02-16 13:49:36.084  2180  2186 I artd    : GetBestInfo checking odex next to the dex file (/data/app/~~NWoxo4F-Ov2j6h_dXW415w==/com.google.android.gms-sYtLuEFHVXfUwNDvG9lbKA==/oat/x86_64/split_CronetDynamite_installtime.odex)
02-16 13:49:36.084  2180  2186 I artd    : Loading /data/app/~~NWoxo4F-Ov2j6h_dXW415w==/com.google.android.gms-sYtLuEFHVXfUwNDvG9lbKA==/oat/x86_64/split_CronetDynamite_installtime.odex with executable: 0
02-16 13:49:36.086  2180  2186 I artd    : Successfully loaded /data/app/~~NWoxo4F-Ov2j6h_dXW415w==/com.google.android.gms-sYtLuEFHVXfUwNDvG9lbKA==/oat/x86_64/split_CronetDynamite_installtime.odex with executable: 0
02-16 13:49:36.086  2180  2186 I artd    : /data/app/~~NWoxo4F-Ov2j6h_dXW415w==/com.google.android.gms-sYtLuEFHVXfUwNDvG9lbKA==/oat/x86_64/split_CronetDynamite_installtime.odex is kOatUpToDate with filter speed-profile
02-16 13:49:36.087  2180  3484 I artd    : Dex parent of /data/app/~~NWoxo4F-Ov2j6h_dXW415w==/com.google.android.gms-sYtLuEFHVXfUwNDvG9lbKA==/split_DynamiteLoader_installtime.apk is not writable: Permission denied
02-16 13:49:36.087  2180  3484 I artd    : GetBestInfo checking odex in dalvik-cache (/data/dalvik-cache/x86_64/data@app@~~NWoxo4F-Ov2j6h_dXW415w==@com.google.android.gms-sYtLuEFHVXfUwNDvG9lbKA==@split_DynamiteLoader_installtime.apk@classes.dex)
02-16 13:49:36.087  2180  3484 I artd    : Loading /data/dalvik-cache/x86_64/data@app@~~NWoxo4F-Ov2j6h_dXW415w==@com.google.android.gms-sYtLuEFHVXfUwNDvG9lbKA==@split_DynamiteLoader_installtime.apk@classes.dex with executable: 0
02-16 13:49:36.087  2180  3484 I artd    : OatFileAssistant test for existing oat file /data/dalvik-cache/x86_64/data@app@~~NWoxo4F-Ov2j6h_dXW415w==@com.google.android.gms-sYtLuEFHVXfUwNDvG9lbKA==@split_DynamiteLoader_installtime.apk@classes.dex: File /data/dalvik-cache/x86_64/data@app@~~NWoxo4F-Ov2j6h_dXW415w==@com.google.android.gms-sYtLuEFHVXfUwNDvG9lbKA==@split_DynamiteLoader_installtime.apk@classes.vdex does not exist.
02-16 13:49:36.087  2180  3484 I artd    : GetBestInfo checking odex next to the dex file (/data/app/~~NWoxo4F-Ov2j6h_dXW415w==/com.google.android.gms-sYtLuEFHVXfUwNDvG9lbKA==/oat/x86_64/split_DynamiteLoader_installtime.odex)
02-16 13:49:36.087  2180  3484 I artd    : Loading /data/app/~~NWoxo4F-Ov2j6h_dXW415w==/com.google.android.gms-sYtLuEFHVXfUwNDvG9lbKA==/oat/x86_64/split_DynamiteLoader_installtime.odex with executable: 0
02-16 13:49:36.095  2180  3484 I artd    : Successfully loaded /data/app/~~NWoxo4F-Ov2j6h_dXW415w==/com.google.android.gms-sYtLuEFHVXfUwNDvG9lbKA==/oat/x86_64/split_DynamiteLoader_installtime.odex with executable: 0
02-16 13:49:36.095  2180  3484 I artd    : /data/app/~~NWoxo4F-Ov2j6h_dXW415w==/com.google.android.gms-sYtLuEFHVXfUwNDvG9lbKA==/oat/x86_64/split_DynamiteLoader_installtime.odex is kOatUpToDate with filter speed
02-16 13:49:36.103  2180  3484 I artd    : Dex parent of /data/app/~~NWoxo4F-Ov2j6h_dXW415w==/com.google.android.gms-sYtLuEFHVXfUwNDvG9lbKA==/split_DynamiteModulesA_installtime.apk is not writable: Permission denied
02-16 13:49:36.107  2180  3484 I artd    : GetBestInfo checking odex in dalvik-cache (/data/dalvik-cache/x86_64/data@app@~~NWoxo4F-Ov2j6h_dXW415w==@com.google.android.gms-sYtLuEFHVXfUwNDvG9lbKA==@split_DynamiteModulesA_installtime.apk@classes.dex)
02-16 13:49:36.107  2180  3484 I artd    : Loading /data/dalvik-cache/x86_64/data@app@~~NWoxo4F-Ov2j6h_dXW415w==@com.google.android.gms-sYtLuEFHVXfUwNDvG9lbKA==@split_DynamiteModulesA_installtime.apk@classes.dex with executable: 0
02-16 13:49:36.107  2180  3484 I artd    : OatFileAssistant test for existing oat file /data/dalvik-cache/x86_64/data@app@~~NWoxo4F-Ov2j6h_dXW415w==@com.google.android.gms-sYtLuEFHVXfUwNDvG9lbKA==@split_DynamiteModulesA_installtime.apk@classes.dex: File /data/dalvik-cache/x86_64/data@app@~~NWoxo4F-Ov2j6h_dXW415w==@com.google.android.gms-sYtLuEFHVXfUwNDvG9lbKA==@split_DynamiteModulesA_installtime.apk@classes.vdex does not exist.
02-16 13:49:36.107  2180  3484 I artd    : GetBestInfo checking odex next to the dex file (/data/app/~~NWoxo4F-Ov2j6h_dXW415w==/com.google.android.gms-sYtLuEFHVXfUwNDvG9lbKA==/oat/x86_64/split_DynamiteModulesA_installtime.odex)
02-16 13:49:36.107  2180  3484 I artd    : Loading /data/app/~~NWoxo4F-Ov2j6h_dXW415w==/com.google.android.gms-sYtLuEFHVXfUwNDvG9lbKA==/oat/x86_64/split_DynamiteModulesA_installtime.odex with executable: 0
02-16 13:49:36.119  2180  3484 I artd    : Successfully loaded /data/app/~~NWoxo4F-Ov2j6h_dXW415w==/com.google.android.gms-sYtLuEFHVXfUwNDvG9lbKA==/oat/x86_64/split_DynamiteModulesA_installtime.odex with executable: 0
02-16 13:49:36.119  2180  3484 I artd    : /data/app/~~NWoxo4F-Ov2j6h_dXW415w==/com.google.android.gms-sYtLuEFHVXfUwNDvG9lbKA==/oat/x86_64/split_DynamiteModulesA_installtime.odex is kOatUpToDate with filter speed
02-16 13:49:36.123  2180  3484 I artd    : Dex parent of /data/app/~~NWoxo4F-Ov2j6h_dXW415w==/com.google.android.gms-sYtLuEFHVXfUwNDvG9lbKA==/split_DynamiteModulesC_installtime.apk is not writable: Permission denied
02-16 13:49:36.123  2180  3484 I artd    : GetBestInfo checking odex in dalvik-cache (/data/dalvik-cache/x86_64/data@app@~~NWoxo4F-Ov2j6h_dXW415w==@com.google.android.gms-sYtLuEFHVXfUwNDvG9lbKA==@split_DynamiteModulesC_installtime.apk@classes.dex)
02-16 13:49:36.123  2180  3484 I artd    : Loading /data/dalvik-cache/x86_64/data@app@~~NWoxo4F-Ov2j6h_dXW415w==@com.google.android.gms-sYtLuEFHVXfUwNDvG9lbKA==@split_DynamiteModulesC_installtime.apk@classes.dex with executable: 0
02-16 13:49:36.123  2180  3484 I artd    : OatFileAssistant test for existing oat file /data/dalvik-cache/x86_64/data@app@~~NWoxo4F-Ov2j6h_dXW415w==@com.google.android.gms-sYtLuEFHVXfUwNDvG9lbKA==@split_DynamiteModulesC_installtime.apk@classes.dex: File /data/dalvik-cache/x86_64/data@app@~~NWoxo4F-Ov2j6h_dXW415w==@com.google.android.gms-sYtLuEFHVXfUwNDvG9lbKA==@split_DynamiteModulesC_installtime.apk@classes.vdex does not exist.
02-16 13:49:36.123  2180  3484 I artd    : GetBestInfo checking odex next to the dex file (/data/app/~~NWoxo4F-Ov2j6h_dXW415w==/com.google.android.gms-sYtLuEFHVXfUwNDvG9lbKA==/oat/x86_64/split_DynamiteModulesC_installtime.odex)
02-16 13:49:36.123  2180  3484 I artd    : Loading /data/app/~~NWoxo4F-Ov2j6h_dXW415w==/com.google.android.gms-sYtLuEFHVXfUwNDvG9lbKA==/oat/x86_64/split_DynamiteModulesC_installtime.odex with executable: 0
02-16 13:49:36.135  2180  3484 I artd    : Successfully loaded /data/app/~~NWoxo4F-Ov2j6h_dXW415w==/com.google.android.gms-sYtLuEFHVXfUwNDvG9lbKA==/oat/x86_64/split_DynamiteModulesC_installtime.odex with executable: 0
02-16 13:49:36.135  2180  3484 I artd    : /data/app/~~NWoxo4F-Ov2j6h_dXW415w==/com.google.android.gms-sYtLuEFHVXfUwNDvG9lbKA==/oat/x86_64/split_DynamiteModulesC_installtime.odex is kOatUpToDate with filter speed
02-16 13:49:36.139  2180  3484 I artd    : Dex parent of /data/app/~~NWoxo4F-Ov2j6h_dXW415w==/com.google.android.gms-sYtLuEFHVXfUwNDvG9lbKA==/split_GoogleCertificates_installtime.apk is not writable: Permission denied
02-16 13:49:36.139  2180  3484 I artd    : GetBestInfo checking odex in dalvik-cache (/data/dalvik-cache/x86_64/data@app@~~NWoxo4F-Ov2j6h_dXW415w==@com.google.android.gms-sYtLuEFHVXfUwNDvG9lbKA==@split_GoogleCertificates_installtime.apk@classes.dex)
02-16 13:49:36.139  2180  3484 I artd    : Loading /data/dalvik-cache/x86_64/data@app@~~NWoxo4F-Ov2j6h_dXW415w==@com.google.android.gms-sYtLuEFHVXfUwNDvG9lbKA==@split_GoogleCertificates_installtime.apk@classes.dex with executable: 0
02-16 13:49:36.139  2180  3484 I artd    : OatFileAssistant test for existing oat file /data/dalvik-cache/x86_64/data@app@~~NWoxo4F-Ov2j6h_dXW415w==@com.google.android.gms-sYtLuEFHVXfUwNDvG9lbKA==@split_GoogleCertificates_installtime.apk@classes.dex: File /data/dalvik-cache/x86_64/data@app@~~NWoxo4F-Ov2j6h_dXW415w==@com.google.android.gms-sYtLuEFHVXfUwNDvG9lbKA==@split_GoogleCertificates_installtime.apk@classes.vdex does not exist.
02-16 13:49:36.139  2180  3484 I artd    : GetBestInfo checking odex next to the dex file (/data/app/~~NWoxo4F-Ov2j6h_dXW415w==/com.google.android.gms-sYtLuEFHVXfUwNDvG9lbKA==/oat/x86_64/split_GoogleCertificates_installtime.odex)
02-16 13:49:36.139  2180  3484 I artd    : Loading /data/app/~~NWoxo4F-Ov2j6h_dXW415w==/com.google.android.gms-sYtLuEFHVXfUwNDvG9lbKA==/oat/x86_64/split_GoogleCertificates_installtime.odex with executable: 0
02-16 13:49:36.139  2180  3484 I artd    : Successfully loaded /data/app/~~NWoxo4F-Ov2j6h_dXW415w==/com.google.android.gms-sYtLuEFHVXfUwNDvG9lbKA==/oat/x86_64/split_GoogleCertificates_installtime.odex with executable: 0
02-16 13:49:36.139  2180  3484 I artd    : /data/app/~~NWoxo4F-Ov2j6h_dXW415w==/com.google.android.gms-sYtLuEFHVXfUwNDvG9lbKA==/oat/x86_64/split_GoogleCertificates_installtime.odex is kOatUpToDate with filter speed
02-16 13:49:36.147  2180  3484 I artd    : Dex parent of /data/app/~~NWoxo4F-Ov2j6h_dXW415w==/com.google.android.gms-sYtLuEFHVXfUwNDvG9lbKA==/split_MapsDynamite_installtime.apk is not writable: Permission denied
02-16 13:49:36.151  2180  3484 I artd    : GetBestInfo checking odex in dalvik-cache (/data/dalvik-cache/x86_64/data@app@~~NWoxo4F-Ov2j6h_dXW415w==@com.google.android.gms-sYtLuEFHVXfUwNDvG9lbKA==@split_MapsDynamite_installtime.apk@classes.dex)
02-16 13:49:36.151  2180  3484 I artd    : Loading /data/dalvik-cache/x86_64/data@app@~~NWoxo4F-Ov2j6h_dXW415w==@com.google.android.gms-sYtLuEFHVXfUwNDvG9lbKA==@split_MapsDynamite_installtime.apk@classes.dex with executable: 0
02-16 13:49:36.151  2180  3484 I artd    : OatFileAssistant test for existing oat file /data/dalvik-cache/x86_64/data@app@~~NWoxo4F-Ov2j6h_dXW415w==@com.google.android.gms-sYtLuEFHVXfUwNDvG9lbKA==@split_MapsDynamite_installtime.apk@classes.dex: File /data/dalvik-cache/x86_64/data@app@~~NWoxo4F-Ov2j6h_dXW415w==@com.google.android.gms-sYtLuEFHVXfUwNDvG9lbKA==@split_MapsDynamite_installtime.apk@classes.vdex does not exist.
02-16 13:49:36.151  2180  3484 I artd    : GetBestInfo checking odex next to the dex file (/data/app/~~NWoxo4F-Ov2j6h_dXW415w==/com.google.android.gms-sYtLuEFHVXfUwNDvG9lbKA==/oat/x86_64/split_MapsDynamite_installtime.odex)
02-16 13:49:36.151  2180  3484 I artd    : Loading /data/app/~~NWoxo4F-Ov2j6h_dXW415w==/com.google.android.gms-sYtLuEFHVXfUwNDvG9lbKA==/oat/x86_64/split_MapsDynamite_installtime.odex with executable: 0
02-16 13:49:36.151  2180  3484 I artd    : Successfully loaded /data/app/~~NWoxo4F-Ov2j6h_dXW415w==/com.google.android.gms-sYtLuEFHVXfUwNDvG9lbKA==/oat/x86_64/split_MapsDynamite_installtime.odex with executable: 0
02-16 13:49:36.151  2180  3484 I artd    : /data/app/~~NWoxo4F-Ov2j6h_dXW415w==/com.google.android.gms-sYtLuEFHVXfUwNDvG9lbKA==/oat/x86_64/split_MapsDynamite_installtime.odex is kOatUpToDate with filter speed
02-16 13:49:36.160  2180  2186 I artd    : Dex parent of /data/app/~~NWoxo4F-Ov2j6h_dXW415w==/com.google.android.gms-sYtLuEFHVXfUwNDvG9lbKA==/split_MeasurementDynamite_installtime.apk is not writable: Permission denied
02-16 13:49:36.160  2180  2186 I artd    : GetBestInfo checking odex in dalvik-cache (/data/dalvik-cache/x86_64/data@app@~~NWoxo4F-Ov2j6h_dXW415w==@com.google.android.gms-sYtLuEFHVXfUwNDvG9lbKA==@split_MeasurementDynamite_installtime.apk@classes.dex)
02-16 13:49:36.160  2180  2186 I artd    : Loading /data/dalvik-cache/x86_64/data@app@~~NWoxo4F-Ov2j6h_dXW415w==@com.google.android.gms-sYtLuEFHVXfUwNDvG9lbKA==@split_MeasurementDynamite_installtime.apk@classes.dex with executable: 0
02-16 13:49:36.160  2180  2186 I artd    : OatFileAssistant test for existing oat file /data/dalvik-cache/x86_64/data@app@~~NWoxo4F-Ov2j6h_dXW415w==@com.google.android.gms-sYtLuEFHVXfUwNDvG9lbKA==@split_MeasurementDynamite_installtime.apk@classes.dex: File /data/dalvik-cache/x86_64/data@app@~~NWoxo4F-Ov2j6h_dXW415w==@com.google.android.gms-sYtLuEFHVXfUwNDvG9lbKA==@split_MeasurementDynamite_installtime.apk@classes.vdex does not exist.
02-16 13:49:36.160  2180  2186 I artd    : GetBestInfo checking odex next to the dex file (/data/app/~~NWoxo4F-Ov2j6h_dXW415w==/com.google.android.gms-sYtLuEFHVXfUwNDvG9lbKA==/oat/x86_64/split_MeasurementDynamite_installtime.odex)
02-16 13:49:36.160  2180  2186 I artd    : Loading /data/app/~~NWoxo4F-Ov2j6h_dXW415w==/com.google.android.gms-sYtLuEFHVXfUwNDvG9lbKA==/oat/x86_64/split_MeasurementDynamite_installtime.odex with executable: 0
02-16 13:49:36.174  2180  2186 I artd    : Successfully loaded /data/app/~~NWoxo4F-Ov2j6h_dXW415w==/com.google.android.gms-sYtLuEFHVXfUwNDvG9lbKA==/oat/x86_64/split_MeasurementDynamite_installtime.odex with executable: 0
02-16 13:49:36.175  2180  2186 I artd    : /data/app/~~NWoxo4F-Ov2j6h_dXW415w==/com.google.android.gms-sYtLuEFHVXfUwNDvG9lbKA==/oat/x86_64/split_MeasurementDynamite_installtime.odex is kOatUpToDate with filter speed
02-16 13:49:36.190  2180  2186 I artd    : Dex parent of /data/app/~~NWoxo4F-Ov2j6h_dXW415w==/com.google.android.gms-sYtLuEFHVXfUwNDvG9lbKA==/split_all_locale_splits.apk is not writable: Permission denied
02-16 13:49:36.190  2180  2186 I artd    : GetBestInfo checking odex in dalvik-cache (/data/dalvik-cache/x86_64/data@app@~~NWoxo4F-Ov2j6h_dXW415w==@com.google.android.gms-sYtLuEFHVXfUwNDvG9lbKA==@split_all_locale_splits.apk@classes.dex)
02-16 13:49:36.190  2180  2186 I artd    : Loading /data/dalvik-cache/x86_64/data@app@~~NWoxo4F-Ov2j6h_dXW415w==@com.google.android.gms-sYtLuEFHVXfUwNDvG9lbKA==@split_all_locale_splits.apk@classes.dex with executable: 0
02-16 13:49:36.190  2180  2186 I artd    : OatFileAssistant test for existing oat file /data/dalvik-cache/x86_64/data@app@~~NWoxo4F-Ov2j6h_dXW415w==@com.google.android.gms-sYtLuEFHVXfUwNDvG9lbKA==@split_all_locale_splits.apk@classes.dex: File /data/dalvik-cache/x86_64/data@app@~~NWoxo4F-Ov2j6h_dXW415w==@com.google.android.gms-sYtLuEFHVXfUwNDvG9lbKA==@split_all_locale_splits.apk@classes.vdex does not exist.
02-16 13:49:36.190  2180  2186 I artd    : GetBestInfo checking odex next to the dex file (/data/app/~~NWoxo4F-Ov2j6h_dXW415w==/com.google.android.gms-sYtLuEFHVXfUwNDvG9lbKA==/oat/x86_64/split_all_locale_splits.odex)
02-16 13:49:36.190  2180  2186 I artd    : Loading /data/app/~~NWoxo4F-Ov2j6h_dXW415w==/com.google.android.gms-sYtLuEFHVXfUwNDvG9lbKA==/oat/x86_64/split_all_locale_splits.odex with executable: 0
02-16 13:49:36.194  2180  2186 I artd    : Successfully loaded /data/app/~~NWoxo4F-Ov2j6h_dXW415w==/com.google.android.gms-sYtLuEFHVXfUwNDvG9lbKA==/oat/x86_64/split_all_locale_splits.odex with executable: 0
02-16 13:49:36.195  2180  2186 I artd    : /data/app/~~NWoxo4F-Ov2j6h_dXW415w==/com.google.android.gms-sYtLuEFHVXfUwNDvG9lbKA==/oat/x86_64/split_all_locale_splits.odex is kOatUpToDate with filter speed
02-16 13:49:36.191  2180  3484 I artd    : Dex parent of /data/user_de/0/com.google.android.gms/app_chimera/m/00000010/dl-MlkitOcrCommon.optional_255034100800.apk is not writable: Permission denied
02-16 13:49:36.191  2180  3484 I artd    : GetBestInfo checking odex in dalvik-cache (/data/dalvik-cache/x86_64/data@user_de@0@com.google.android.gms@app_chimera@m@00000010@dl-MlkitOcrCommon.optional_255034100800.apk@classes.dex)
02-16 13:49:36.191  2180  3484 I artd    : Loading /data/dalvik-cache/x86_64/data@user_de@0@com.google.android.gms@app_chimera@m@00000010@dl-MlkitOcrCommon.optional_255034100800.apk@classes.dex with executable: 0
02-16 13:49:36.191  2180  3484 I artd    : OatFileAssistant test for existing oat file /data/dalvik-cache/x86_64/data@user_de@0@com.google.android.gms@app_chimera@m@00000010@dl-MlkitOcrCommon.optional_255034100800.apk@classes.dex: File /data/dalvik-cache/x86_64/data@user_de@0@com.google.android.gms@app_chimera@m@00000010@dl-MlkitOcrCommon.optional_255034100800.apk@classes.vdex does not exist.
02-16 13:49:36.191  2180  3484 I artd    : GetBestInfo checking odex next to the dex file (/data/user_de/0/com.google.android.gms/app_chimera/m/00000010/oat/x86_64/dl-MlkitOcrCommon.optional_255034100800.odex)
02-16 13:49:36.191  2180  3484 I artd    : Loading /data/user_de/0/com.google.android.gms/app_chimera/m/00000010/oat/x86_64/dl-MlkitOcrCommon.optional_255034100800.odex with executable: 0
02-16 13:49:36.191  2180  3484 I artd    : OatFileAssistant test for existing oat file /data/user_de/0/com.google.android.gms/app_chimera/m/00000010/oat/x86_64/dl-MlkitOcrCommon.optional_255034100800.odex: File /data/user_de/0/com.google.android.gms/app_chimera/m/00000010/oat/x86_64/dl-MlkitOcrCommon.optional_255034100800.vdex does not exist.
02-16 13:49:36.191  2180  3484 I artd    : GetBestInfo checking vdex in dalvik-cache (/data/dalvik-cache/x86_64/data@user_de@0@com.google.android.gms@app_chimera@m@00000010@dl-MlkitOcrCommon.optional_255034100800.apk@classes.vdex)
02-16 13:49:36.191  2180  3484 I artd    : unable to open vdex file /data/dalvik-cache/x86_64/data@user_de@0@com.google.android.gms@app_chimera@m@00000010@dl-MlkitOcrCommon.optional_255034100800.apk@classes.vdex: File /data/dalvik-cache/x86_64/data@user_de@0@com.google.android.gms@app_chimera@m@00000010@dl-MlkitOcrCommon.optional_255034100800.apk@classes.vdex does not exist.
02-16 13:49:36.191  2180  3484 I artd    : OatFileAssistant test for existing oat file /data/dalvik-cache/x86_64/data@user_de@0@com.google.android.gms@app_chimera@m@00000010@dl-MlkitOcrCommon.optional_255034100800.apk@classes.vdex: File /data/dalvik-cache/x86_64/data@user_de@0@com.google.android.gms@app_chimera@m@00000010@dl-MlkitOcrCommon.optional_255034100800.apk@classes.vdex does not exist.
02-16 13:49:36.191  2180  3484 I artd    : GetBestInfo checking vdex next to the dex file (/data/user_de/0/com.google.android.gms/app_chimera/m/00000010/oat/x86_64/dl-MlkitOcrCommon.optional_255034100800.vdex)
02-16 13:49:36.191  2180  3484 I artd    : unable to open vdex file /data/user_de/0/com.google.android.gms/app_chimera/m/00000010/oat/x86_64/dl-MlkitOcrCommon.optional_255034100800.vdex: File /data/user_de/0/com.google.android.gms/app_chimera/m/00000010/oat/x86_64/dl-MlkitOcrCommon.optional_255034100800.vdex does not exist.
02-16 13:49:36.191  2180  3484 I artd    : OatFileAssistant test for existing oat file /data/user_de/0/com.google.android.gms/app_chimera/m/00000010/oat/x86_64/dl-MlkitOcrCommon.optional_255034100800.vdex: File /data/user_de/0/com.google.android.gms/app_chimera/m/00000010/oat/x86_64/dl-MlkitOcrCommon.optional_255034100800.vdex does not exist.
02-16 13:49:36.191  2180  3484 I artd    : GetBestInfo checking dm (/data/user_de/0/com.google.android.gms/app_chimera/m/00000010/dl-MlkitOcrCommon.optional_255034100800.dm)
02-16 13:49:36.191  2180  3484 W ziparchive: Unable to open '/data/user_de/0/com.google.android.gms/app_chimera/m/00000010/dl-MlkitOcrCommon.optional_255034100800.dm': No such file or directory
02-16 13:49:36.199  2180  3484 I artd    : OatFileAssistant test for existing oat file /data/user_de/0/com.google.android.gms/app_chimera/m/00000010/dl-MlkitOcrCommon.optional_255034100800.dm: I/O error
02-16 13:49:36.199  2180  3484 I artd    : GetBestInfo checking dm (/data/user_de/0/com.google.android.gms/app_chimera/m/00000010/dl-MlkitOcrCommon.optional_255034100800.dm)
02-16 13:49:36.203  2180  3484 W ziparchive: Unable to open '/data/user_de/0/com.google.android.gms/app_chimera/m/00000010/dl-MlkitOcrCommon.optional_255034100800.dm': No such file or directory
02-16 13:49:36.203  2180  3484 I artd    : OatFileAssistant test for existing oat file /data/user_de/0/com.google.android.gms/app_chimera/m/00000010/dl-MlkitOcrCommon.optional_255034100800.dm: I/O error
02-16 13:49:36.203  2180  3484 I artd    : GetBestInfo no usable artifacts
02-16 13:49:36.203  2180  3484 I artd    : Dex parent of /data/user_de/0/com.google.android.gms/app_chimera/m/0000000e/dl-TfliteDynamiteDynamite.integ_243930802100800.apk is not writable: No such file or directory
02-16 13:49:36.219  2180  3484 I artd    : GetBestInfo checking odex in dalvik-cache (/data/dalvik-cache/x86_64/data@user_de@0@com.google.android.gms@app_chimera@m@0000000e@dl-TfliteDynamiteDynamite.integ_243930802100800.apk@classes.dex)
02-16 13:49:36.219  2180  3484 I artd    : Loading /data/dalvik-cache/x86_64/data@user_de@0@com.google.android.gms@app_chimera@m@0000000e@dl-TfliteDynamiteDynamite.integ_243930802100800.apk@classes.dex with executable: 0
02-16 13:49:36.219  2180  3484 I artd    : OatFileAssistant test for existing oat file /data/dalvik-cache/x86_64/data@user_de@0@com.google.android.gms@app_chimera@m@0000000e@dl-TfliteDynamiteDynamite.integ_243930802100800.apk@classes.dex: File /data/dalvik-cache/x86_64/data@user_de@0@com.google.android.gms@app_chimera@m@0000000e@dl-TfliteDynamiteDynamite.integ_243930802100800.apk@classes.vdex does not exist.
02-16 13:49:36.219  2180  3484 I artd    : GetBestInfo checking odex next to the dex file (/data/user_de/0/com.google.android.gms/app_chimera/m/0000000e/oat/x86_64/dl-TfliteDynamiteDynamite.integ_243930802100800.odex)
02-16 13:49:36.219  2180  3484 I artd    : Loading /data/user_de/0/com.google.android.gms/app_chimera/m/0000000e/oat/x86_64/dl-TfliteDynamiteDynamite.integ_243930802100800.odex with executable: 0
02-16 13:49:36.219  2180  3484 I artd    : OatFileAssistant test for existing oat file /data/user_de/0/com.google.android.gms/app_chimera/m/0000000e/oat/x86_64/dl-TfliteDynamiteDynamite.integ_243930802100800.odex: File /data/user_de/0/com.google.android.gms/app_chimera/m/0000000e/oat/x86_64/dl-TfliteDynamiteDynamite.integ_243930802100800.vdex does not exist.
02-16 13:49:36.219  2180  3484 I artd    : GetBestInfo checking vdex in dalvik-cache (/data/dalvik-cache/x86_64/data@user_de@0@com.google.android.gms@app_chimera@m@0000000e@dl-TfliteDynamiteDynamite.integ_243930802100800.apk@classes.vdex)
02-16 13:49:36.219  2180  3484 I artd    : unable to open vdex file /data/dalvik-cache/x86_64/data@user_de@0@com.google.android.gms@app_chimera@m@0000000e@dl-TfliteDynamiteDynamite.integ_243930802100800.apk@classes.vdex: File /data/dalvik-cache/x86_64/data@user_de@0@com.google.android.gms@app_chimera@m@0000000e@dl-TfliteDynamiteDynamite.integ_243930802100800.apk@classes.vdex does not exist.
02-16 13:49:36.219  2180  3484 I artd    : OatFileAssistant test for existing oat file /data/dalvik-cache/x86_64/data@user_de@0@com.google.android.gms@app_chimera@m@0000000e@dl-TfliteDynamiteDynamite.integ_243930802100800.apk@classes.vdex: File /data/dalvik-cache/x86_64/data@user_de@0@com.google.android.gms@app_chimera@m@0000000e@dl-TfliteDynamiteDynamite.integ_243930802100800.apk@classes.vdex does not exist.
02-16 13:49:36.219  2180  3484 I artd    : GetBestInfo checking vdex next to the dex file (/data/user_de/0/com.google.android.gms/app_chimera/m/0000000e/oat/x86_64/dl-TfliteDynamiteDynamite.integ_243930802100800.vdex)
02-16 13:49:36.219  2180  3484 I artd    : unable to open vdex file /data/user_de/0/com.google.android.gms/app_chimera/m/0000000e/oat/x86_64/dl-TfliteDynamiteDynamite.integ_243930802100800.vdex: File /data/user_de/0/com.google.android.gms/app_chimera/m/0000000e/oat/x86_64/dl-TfliteDynamiteDynamite.integ_243930802100800.vdex does not exist.
02-16 13:49:36.219  2180  3484 I artd    : OatFileAssistant test for existing oat file /data/user_de/0/com.google.android.gms/app_chimera/m/0000000e/oat/x86_64/dl-TfliteDynamiteDynamite.integ_243930802100800.vdex: File /data/user_de/0/com.google.android.gms/app_chimera/m/0000000e/oat/x86_64/dl-TfliteDynamiteDynamite.integ_243930802100800.vdex does not exist.
02-16 13:49:36.219  2180  3484 I artd    : GetBestInfo checking dm (/data/user_de/0/com.google.android.gms/app_chimera/m/0000000e/dl-TfliteDynamiteDynamite.integ_243930802100800.dm)
02-16 13:49:36.219  2180  3484 W ziparchive: Unable to open '/data/user_de/0/com.google.android.gms/app_chimera/m/0000000e/dl-TfliteDynamiteDynamite.integ_243930802100800.dm': No such file or directory
02-16 13:49:36.219  2180  3484 I artd    : OatFileAssistant test for existing oat file /data/user_de/0/com.google.android.gms/app_chimera/m/0000000e/dl-TfliteDynamiteDynamite.integ_243930802100800.dm: I/O error
02-16 13:49:36.219  2180  3484 I artd    : GetBestInfo checking dm (/data/user_de/0/com.google.android.gms/app_chimera/m/0000000e/dl-TfliteDynamiteDynamite.integ_243930802100800.dm)
02-16 13:49:36.219  2180  3484 W ziparchive: Unable to open '/data/user_de/0/com.google.android.gms/app_chimera/m/0000000e/dl-TfliteDynamiteDynamite.integ_243930802100800.dm': No such file or directory
02-16 13:49:36.219  2180  3484 I artd    : OatFileAssistant test for existing oat file /data/user_de/0/com.google.android.gms/app_chimera/m/0000000e/dl-TfliteDynamiteDynamite.integ_243930802100800.dm: I/O error
02-16 13:49:36.219  2180  3484 I artd    : GetBestInfo no usable artifacts
02-16 13:49:36.219  2180  3484 I artd    : Dex parent of /data/user/0/com.google.android.gms/app_dg_cache/9C3914BA639C225C3270B81DD57E92CD956143E9/the.apk is not writable: Permission denied
02-16 13:49:36.219  2180  3484 I artd    : GetBestInfo checking odex in dalvik-cache (/data/dalvik-cache/x86_64/data@user@0@com.google.android.gms@app_dg_cache@9C3914BA639C225C3270B81DD57E92CD956143E9@the.apk@classes.dex)
02-16 13:49:36.219  2180  3484 I artd    : Loading /data/dalvik-cache/x86_64/data@user@0@com.google.android.gms@app_dg_cache@9C3914BA639C225C3270B81DD57E92CD956143E9@the.apk@classes.dex with executable: 0
02-16 13:49:36.219  2180  3484 I artd    : OatFileAssistant test for existing oat file /data/dalvik-cache/x86_64/data@user@0@com.google.android.gms@app_dg_cache@9C3914BA639C225C3270B81DD57E92CD956143E9@the.apk@classes.dex: File /data/dalvik-cache/x86_64/data@user@0@com.google.android.gms@app_dg_cache@9C3914BA639C225C3270B81DD57E92CD956143E9@the.apk@classes.vdex does not exist.
02-16 13:49:36.219  2180  3484 I artd    : GetBestInfo checking odex next to the dex file (/data/user/0/com.google.android.gms/app_dg_cache/9C3914BA639C225C3270B81DD57E92CD956143E9/oat/x86_64/the.odex)
02-16 13:49:36.219  2180  3484 I artd    : Loading /data/user/0/com.google.android.gms/app_dg_cache/9C3914BA639C225C3270B81DD57E92CD956143E9/oat/x86_64/the.odex with executable: 0
02-16 13:49:36.219  2180  3484 I artd    : OatFileAssistant test for existing oat file /data/user/0/com.google.android.gms/app_dg_cache/9C3914BA639C225C3270B81DD57E92CD956143E9/oat/x86_64/the.odex: Failed to open oat filename for reading: No such file or directory
02-16 13:49:36.219  2180  3484 I artd    : GetBestInfo checking vdex in dalvik-cache (/data/dalvik-cache/x86_64/data@user@0@com.google.android.gms@app_dg_cache@9C3914BA639C225C3270B81DD57E92CD956143E9@the.apk@classes.vdex)
02-16 13:49:36.219  2180  3484 I artd    : unable to open vdex file /data/dalvik-cache/x86_64/data@user@0@com.google.android.gms@app_dg_cache@9C3914BA639C225C3270B81DD57E92CD956143E9@the.apk@classes.vdex: File /data/dalvik-cache/x86_64/data@user@0@com.google.android.gms@app_dg_cache@9C3914BA639C225C3270B81DD57E92CD956143E9@the.apk@classes.vdex does not exist.
02-16 13:49:36.219  2180  3484 I artd    : OatFileAssistant test for existing oat file /data/dalvik-cache/x86_64/data@user@0@com.google.android.gms@app_dg_cache@9C3914BA639C225C3270B81DD57E92CD956143E9@the.apk@classes.vdex: File /data/dalvik-cache/x86_64/data@user@0@com.google.android.gms@app_dg_cache@9C3914BA639C225C3270B81DD57E92CD956143E9@the.apk@classes.vdex does not exist.
02-16 13:49:36.219  2180  3484 I artd    : GetBestInfo checking vdex next to the dex file (/data/user/0/com.google.android.gms/app_dg_cache/9C3914BA639C225C3270B81DD57E92CD956143E9/oat/x86_64/the.vdex)
02-16 13:49:36.219  2180  3484 I artd    : Successfully loaded /data/user/0/com.google.android.gms/app_dg_cache/9C3914BA639C225C3270B81DD57E92CD956143E9/oat/x86_64/the.vdex with executable: 0
02-16 13:49:36.219  2180  3484 I artd    : Image checksum test skipped for vdex file /data/user/0/com.google.android.gms/app_dg_cache/9C3914BA639C225C3270B81DD57E92CD956143E9/oat/x86_64/the.vdex
02-16 13:49:36.219  2180  3484 I artd    : /data/user/0/com.google.android.gms/app_dg_cache/9C3914BA639C225C3270B81DD57E92CD956143E9/oat/x86_64/the.vdex is kOatUpToDate with filter verify
02-16 13:49:36.219  2180  3484 I artd    : Dex parent of /data/user_de/0/com.google.android.gms/app_chimera/m/00000002/DynamiteLoader.uncompressed.apk is not writable: No such file or directory
02-16 13:49:36.219  2180  3484 I artd    : GetBestInfo checking odex in dalvik-cache (/data/dalvik-cache/x86_64/data@user_de@0@com.google.android.gms@app_chimera@m@00000002@DynamiteLoader.uncompressed.apk@classes.dex)
02-16 13:49:36.219  2180  3484 I artd    : Loading /data/dalvik-cache/x86_64/data@user_de@0@com.google.android.gms@app_chimera@m@00000002@DynamiteLoader.uncompressed.apk@classes.dex with executable: 0
02-16 13:49:36.219  2180  3484 I artd    : OatFileAssistant test for existing oat file /data/dalvik-cache/x86_64/data@user_de@0@com.google.android.gms@app_chimera@m@00000002@DynamiteLoader.uncompressed.apk@classes.dex: File /data/dalvik-cache/x86_64/data@user_de@0@com.google.android.gms@app_chimera@m@00000002@DynamiteLoader.uncompressed.apk@classes.vdex does not exist.
02-16 13:49:36.219  2180  3484 I artd    : GetBestInfo checking odex next to the dex file (/data/user_de/0/com.google.android.gms/app_chimera/m/00000002/oat/x86_64/DynamiteLoader.uncompressed.odex)
02-16 13:49:36.219  2180  3484 I artd    : Loading /data/user_de/0/com.google.android.gms/app_chimera/m/00000002/oat/x86_64/DynamiteLoader.uncompressed.odex with executable: 0
02-16 13:49:36.219  2180  3484 I artd    : OatFileAssistant test for existing oat file /data/user_de/0/com.google.android.gms/app_chimera/m/00000002/oat/x86_64/DynamiteLoader.uncompressed.odex: File /data/user_de/0/com.google.android.gms/app_chimera/m/00000002/oat/x86_64/DynamiteLoader.uncompressed.vdex does not exist.
02-16 13:49:36.219  2180  3484 I artd    : GetBestInfo checking vdex in dalvik-cache (/data/dalvik-cache/x86_64/data@user_de@0@com.google.android.gms@app_chimera@m@00000002@DynamiteLoader.uncompressed.apk@classes.vdex)
02-16 13:49:36.219  2180  3484 I artd    : unable to open vdex file /data/dalvik-cache/x86_64/data@user_de@0@com.google.android.gms@app_chimera@m@00000002@DynamiteLoader.uncompressed.apk@classes.vdex: File /data/dalvik-cache/x86_64/data@user_de@0@com.google.android.gms@app_chimera@m@00000002@DynamiteLoader.uncompressed.apk@classes.vdex does not exist.
02-16 13:49:36.219  2180  3484 I artd    : OatFileAssistant test for existing oat file /data/dalvik-cache/x86_64/data@user_de@0@com.google.android.gms@app_chimera@m@00000002@DynamiteLoader.uncompressed.apk@classes.vdex: File /data/dalvik-cache/x86_64/data@user_de@0@com.google.android.gms@app_chimera@m@00000002@DynamiteLoader.uncompressed.apk@classes.vdex does not exist.
02-16 13:49:36.219  2180  3484 I artd    : GetBestInfo checking vdex next to the dex file (/data/user_de/0/com.google.android.gms/app_chimera/m/00000002/oat/x86_64/DynamiteLoader.uncompressed.vdex)
02-16 13:49:36.219  2180  3484 I artd    : unable to open vdex file /data/user_de/0/com.google.android.gms/app_chimera/m/00000002/oat/x86_64/DynamiteLoader.uncompressed.vdex: File /data/user_de/0/com.google.android.gms/app_chimera/m/00000002/oat/x86_64/DynamiteLoader.uncompressed.vdex does not exist.
02-16 13:49:36.219  2180  3484 I artd    : OatFileAssistant test for existing oat file /data/user_de/0/com.google.android.gms/app_chimera/m/00000002/oat/x86_64/DynamiteLoader.uncompressed.vdex: File /data/user_de/0/com.google.android.gms/app_chimera/m/00000002/oat/x86_64/DynamiteLoader.uncompressed.vdex does not exist.
02-16 13:49:36.219  2180  3484 I artd    : GetBestInfo checking dm (/data/user_de/0/com.google.android.gms/app_chimera/m/00000002/DynamiteLoader.uncompressed.dm)
02-16 13:49:36.219  2180  3484 W ziparchive: Unable to open '/data/user_de/0/com.google.android.gms/app_chimera/m/00000002/DynamiteLoader.uncompressed.dm': No such file or directory
02-16 13:49:36.219  2180  3484 I artd    : OatFileAssistant test for existing oat file /data/user_de/0/com.google.android.gms/app_chimera/m/00000002/DynamiteLoader.uncompressed.dm: I/O error
02-16 13:49:36.219  2180  3484 I artd    : GetBestInfo checking dm (/data/user_de/0/com.google.android.gms/app_chimera/m/00000002/DynamiteLoader.uncompressed.dm)
02-16 13:49:36.219  2180  3484 W ziparchive: Unable to open '/data/user_de/0/com.google.android.gms/app_chimera/m/00000002/DynamiteLoader.uncompressed.dm': No such file or directory
02-16 13:49:36.219  2180  3484 I artd    : OatFileAssistant test for existing oat file /data/user_de/0/com.google.android.gms/app_chimera/m/00000002/DynamiteLoader.uncompressed.dm: I/O error
02-16 13:49:36.219  2180  3484 I artd    : GetBestInfo no usable artifacts
02-16 13:49:36.219  2180  3484 I artd    : Dex parent of /data/user_de/0/com.google.android.gms/app_chimera/m/00000005/GoogleCertificates.apk is not writable: No such file or directory
02-16 13:49:36.219  2180  3484 I artd    : GetBestInfo checking odex in dalvik-cache (/data/dalvik-cache/x86_64/data@user_de@0@com.google.android.gms@app_chimera@m@00000005@GoogleCertificates.apk@classes.dex)
02-16 13:49:36.219  2180  3484 I artd    : Loading /data/dalvik-cache/x86_64/data@user_de@0@com.google.android.gms@app_chimera@m@00000005@GoogleCertificates.apk@classes.dex with executable: 0
02-16 13:49:36.219  2180  3484 I artd    : OatFileAssistant test for existing oat file /data/dalvik-cache/x86_64/data@user_de@0@com.google.android.gms@app_chimera@m@00000005@GoogleCertificates.apk@classes.dex: File /data/dalvik-cache/x86_64/data@user_de@0@com.google.android.gms@app_chimera@m@00000005@GoogleCertificates.apk@classes.vdex does not exist.
02-16 13:49:36.219  2180  3484 I artd    : GetBestInfo checking odex next to the dex file (/data/user_de/0/com.google.android.gms/app_chimera/m/00000005/oat/x86_64/GoogleCertificates.odex)
02-16 13:49:36.219  2180  3484 I artd    : Loading /data/user_de/0/com.google.android.gms/app_chimera/m/00000005/oat/x86_64/GoogleCertificates.odex with executable: 0
02-16 13:49:36.219  2180  3484 I artd    : OatFileAssistant test for existing oat file /data/user_de/0/com.google.android.gms/app_chimera/m/00000005/oat/x86_64/GoogleCertificates.odex: File /data/user_de/0/com.google.android.gms/app_chimera/m/00000005/oat/x86_64/GoogleCertificates.vdex does not exist.
02-16 13:49:36.219  2180  3484 I artd    : GetBestInfo checking vdex in dalvik-cache (/data/dalvik-cache/x86_64/data@user_de@0@com.google.android.gms@app_chimera@m@00000005@GoogleCertificates.apk@classes.vdex)
02-16 13:49:36.219  2180  3484 I artd    : unable to open vdex file /data/dalvik-cache/x86_64/data@user_de@0@com.google.android.gms@app_chimera@m@00000005@GoogleCertificates.apk@classes.vdex: File /data/dalvik-cache/x86_64/data@user_de@0@com.google.android.gms@app_chimera@m@00000005@GoogleCertificates.apk@classes.vdex does not exist.
02-16 13:49:36.219  2180  3484 I artd    : OatFileAssistant test for existing oat file /data/dalvik-cache/x86_64/data@user_de@0@com.google.android.gms@app_chimera@m@00000005@GoogleCertificates.apk@classes.vdex: File /data/dalvik-cache/x86_64/data@user_de@0@com.google.android.gms@app_chimera@m@00000005@GoogleCertificates.apk@classes.vdex does not exist.
02-16 13:49:36.219  2180  3484 I artd    : GetBestInfo checking vdex next to the dex file (/data/user_de/0/com.google.android.gms/app_chimera/m/00000005/oat/x86_64/GoogleCertificates.vdex)
